# Synopsys Constraint Checker(syntax only), version maplat, Build 1176R, built Apr 20 2015
# Copyright (C) 1994-2015, Synopsys, Inc. This software and the associated documentation are proprietary to Synopsys, Inc. This software may only be used in accordance with the terms and conditions of a written license agreement with Synopsys, Inc.  All other use, reproduction, or distribution of this software is strictly prohibited.

# Written on Sun Jul 03 11:21:40 2022


##### DESIGN INFO #######################################################

Top View:                "Tb_clock_divider"
Constraint File(s):      (none)

#Run constraint checker to find more issues with constraints.
#########################################################################



No issues found in constraint syntax.



Clock Summary
*************

Start     Requested     Requested     Clock     Clock
Clock     Frequency     Period        Type      Group
-----------------------------------------------------
=====================================================
