--------------------------------------------------------------------------------
Lattice Synthesis Timing Report, Version  
Sun Jul 03 17:53:14 2022

Copyright (c) 1991-1994 by NeoCAD Inc. All rights reserved.
Copyright (c) 1995 AT&T Corp.   All rights reserved.
Copyright (c) 1995-2001 Lucent Technologies Inc.  All rights reserved.
Copyright (c) 2001 Agere Systems   All rights reserved.
Copyright (c) 2002-2015 Lattice Semiconductor Corporation,  All rights reserved.

Report Information
------------------
Design:     hyperram_tb
Constraint file:  
Report level:    verbose report, limited to 3 items per constraint
--------------------------------------------------------------------------------



================================================================================
Constraint: create_clock -period 5.000000 -name clk0 [get_nets clk_in_test_c]
            1 item scored, 0 timing errors detected.
--------------------------------------------------------------------------------


Passed:  The following path meets requirements by 2.366ns

 Logical Details:  Cell type  Pin type       Cell name  (clock net +/-)

   Source:         FD1S3AX    CK             \uut/clk_62_5/clk_aux_6  (from clk_in_test_c +)
   Destination:    FD1S3AX    D              \uut/clk_62_5/clk_aux_6  (to clk_in_test_c +)

   Delay:                   2.809ns  (18.9% logic, 81.1% route), 2 logic levels.

 Constraint Details:

      2.809ns data_path \uut/clk_62_5/clk_aux_6 to \uut/clk_62_5/clk_aux_6 meets
      5.000ns delay constraint less
     -0.175ns L_S requirement (totaling 5.175ns) by 2.366ns

 Path Details: \uut/clk_62_5/clk_aux_6 to \uut/clk_62_5/clk_aux_6

   Name    Fanout   Delay (ns)          Pins               Resource(Cell.Net)
L_CO        ---     0.365             CK to Q              \uut/clk_62_5/clk_aux_6 (from clk_in_test_c)
Route         2   e 1.258                                  clk_out_test_c
LUT4        ---     0.166              A to Z              \uut/clk_62_5/clk_out_I_0_1_lut
Route         1   e 1.020                                  \uut/clk_62_5/clk_out_N_3
                  --------
                    2.809  (18.9% logic, 81.1% route), 2 logic levels.

Report: 2.634 ns is the maximum delay for this constraint.


Timing Report Summary
--------------
--------------------------------------------------------------------------------
Constraint                              |   Constraint|       Actual|Levels
--------------------------------------------------------------------------------
                                        |             |             |
create_clock -period 5.000000 -name     |             |             |
clk0 [get_nets clk_in_test_c]           |     5.000 ns|     2.634 ns|     2  
                                        |             |             |
--------------------------------------------------------------------------------


All constraints were met.



Timing summary:
---------------

Timing errors: 0  Score: 0

Constraints cover  1 paths, 3 nets, and 3 connections (50.0% coverage)


Peak memory: 65708032 bytes, TRCE: 57344 bytes, DLYMAN: 0 bytes
CPU_TIME_REPORT: 0 secs 
